<html>
<body>
<pre>
<h1>µVision Build Log</h1>
<h2>Tool Versions:</h2>
IDE-Version: ¦ÌVision V5.28.0.0
Copyright (C) 2019 ARM Ltd and ARM Germany GmbH. All rights reserved.
License Information: yang zhen, shuo, LIC=8MZI6-DCJ3K-24FSS-LS1H3-PE1B5-7RHTA
 
Tool Versions:
Toolchain:       MDK-ARM Professional  Version: 5.28.0.0
Toolchain Path:  E:\Keil MDK\Keil uvision5 MDK\ARM\ARMCLANG\Bin
C Compiler:      ArmClang.exe V6.12
Assembler:       Armasm.exe V6.12
Linker/Locator:  ArmLink.exe V6.12
Library Manager: ArmAr.exe V6.12
Hex Converter:   FromElf.exe V6.12
CPU DLL:         SARMCM3.DLL V5.28.0.0
Dialog DLL:      DCM.DLL V1.17.3.0
Target DLL:      CMSIS_AGDI.dll V1.31.18.0
Dialog DLL:      TCM.DLL V1.36.2.0
 
<h2>Project:</h2>
E:\A-my-repository\litter-project\Smart_Car_AI - 1\Project\MDK\RT106X.uvprojx
Project File Date:  05/01/2022

<h2>Output:</h2>
*** Using Compiler 'V6.12', folder: 'E:\Keil MDK\Keil uvision5 MDK\ARM\ARMCLANG\Bin'
Build target 'nor_sdram_zf_dtcm_v6'
compiling server.c...
compiling image.c...
linking...
Program Size: Code=140024 RO-data=13272 RW-data=22988 ZI-data=436788  
FromELF: creating hex file...
".\Objects\RT106X.axf" - 0 Error(s), 0 Warning(s).

<h2>Software Packages used:</h2>

Package Vendor: NXP
                https://mcuxpresso.nxp.com/cmsis_pack/repo/NXP.MIMXRT1064_DFP.13.1.1.pack
                NXP.MIMXRT1064_DFP.13.1.1
                Device Family Pack for MIMXRT1064

<h2>Collection of Component include folders:</h2>
  .\RTE\_nor_sdram_zf_dtcm_v6
  E:\Keil MDK\NXP\MIMXRT1064_DFP\13.1.1

<h2>Collection of Component Files used:</h2>
Build Time Elapsed:  00:00:03
</pre>
</body>
</html>
